// Jest Snapshot v1, https://goo.gl/fbAQLP

exports[`renders correctly 1`] = `
<button
  className="go1905345974"
>
  <div>
    child
  </div>
</button>
`;
