// Jest Snapshot v1, https://goo.gl/fbAQLP

exports[`renders correctly 1`] = `
<svg
  className="go2406169029"
  viewBox="0 0 100 100"
  xmlns="http://www.w3.org/2000/svg"
>
  <circle
    cx="50"
    cy="50"
    r="40"
  />
</svg>
`;
