// Jest Snapshot v1, https://goo.gl/fbAQLP

exports[`renders correctly 1`] = `
<section
  className="go1201451965"
>
  <div>
    child
  </div>
</section>
`;
