// Jest Snapshot v1, https://goo.gl/fbAQLP

exports[`renders correctly 1`] = `
<p
  className="go405397641"
>
  <div>
    child
  </div>
</p>
`;
